[0.221s] Invoking command in '/home/robot33-6/student133_ws/build/test_custom_msg': /usr/bin/cmake /home/robot33-6/student133_ws/src/test_custom_msg -G CodeBlocks - Unix Makefiles -DCMAKE_BUILD_TYPE=Debug -DCMAKE_INSTALL_PREFIX=/home/robot33-6/student133_ws/install/test_custom_msg
[0.293s] -- The C compiler identification is GNU 11.4.0
[0.400s] -- The CXX compiler identification is GNU 11.4.0
[0.400s] -- Detecting C compiler ABI info
[0.516s] -- Detecting C compiler ABI info - done
[0.517s] -- Check for working C compiler: /usr/bin/cc - skipped
[0.517s] -- Detecting C compile features
[0.517s] -- Detecting C compile features - done
[0.517s] -- Detecting CXX compiler ABI info
[0.639s] -- Detecting CXX compiler ABI info - done
[0.640s] -- Check for working CXX compiler: /usr/bin/c++ - skipped
[0.640s] -- Detecting CXX compile features
[0.640s] -- Detecting CXX compile features - done
[0.640s] -- Found ament_cmake: 1.3.7 (/opt/ros/humble/share/ament_cmake/cmake)
[0.771s] -- Found Python3: /usr/bin/python3.10 (found version "3.10.12") found components: Interpreter 
[0.869s] -- Found geometry_msgs: 4.2.3 (/opt/ros/humble/share/geometry_msgs/cmake)
[0.926s] -- Found rosidl_generator_c: 3.1.5 (/opt/ros/humble/share/rosidl_generator_c/cmake)
[0.930s] -- Found rosidl_adapter: 3.1.5 (/opt/ros/humble/share/rosidl_adapter/cmake)
[0.937s] -- Found rosidl_generator_cpp: 3.1.5 (/opt/ros/humble/share/rosidl_generator_cpp/cmake)
[0.950s] -- Using all available rosidl_typesupport_c: rosidl_typesupport_fastrtps_c;rosidl_typesupport_introspection_c
[0.967s] -- Using all available rosidl_typesupport_cpp: rosidl_typesupport_fastrtps_cpp;rosidl_typesupport_introspection_cpp
[1.094s] -- Found rosidl_default_generators: 1.2.0 (/opt/ros/humble/share/rosidl_default_generators/cmake)
[1.127s] -- Found ament_lint_auto: 0.12.10 (/opt/ros/humble/share/ament_lint_auto/cmake)
[1.168s] Error parsing '/home/robot33-6/student133_ws/src/test_custom_msg/package.xml':
[1.215s] Traceback (most recent call last):
[1.215s]   File "/usr/lib/python3/dist-packages/catkin_pkg/package.py", line 610, in parse_package_string
[1.233s]     root = dom.parseString(data)
[1.233s]   File "/usr/lib/python3.10/xml/dom/minidom.py", line 2000, in parseString
[1.247s]     return expatbuilder.parseString(string)
[1.247s]   File "/usr/lib/python3.10/xml/dom/expatbuilder.py", line 925, in parseString
[1.261s]     return builder.parseString(string)
[1.261s]   File "/usr/lib/python3.10/xml/dom/expatbuilder.py", line 223, in parseString
[1.261s]     parser.Parse(string, True)
[1.262s] xml.parsers.expat.ExpatError: mismatched tag: line 23, column 2
[1.262s] 
[1.262s] During handling of the above exception, another exception occurred:
[1.262s] 
[1.262s] Traceback (most recent call last):
[1.262s]   File "/opt/ros/humble/share/ament_cmake_core/cmake/core/package_xml_2_cmake.py", line 150, in <module>
[1.262s]     main()
[1.262s]   File "/opt/ros/humble/share/ament_cmake_core/cmake/core/package_xml_2_cmake.py", line 53, in main
[1.262s]     raise e
[1.262s]   File "/opt/ros/humble/share/ament_cmake_core/cmake/core/package_xml_2_cmake.py", line 49, in main
[1.262s]     package = parse_package_string(
[1.263s]   File "/usr/lib/python3/dist-packages/catkin_pkg/package.py", line 612, in parse_package_string
[1.263s]     raise InvalidPackage('The manifest contains invalid XML:\n%s' % ex, filename)
[1.263s] catkin_pkg.package.InvalidPackage: Error(s) in package '/home/robot33-6/student133_ws/src/test_custom_msg/package.xml':
[1.263s] The manifest contains invalid XML:
[1.263s] mismatched tag: line 23, column 2
[1.275s] CMake Error at /opt/ros/humble/share/ament_cmake_core/cmake/core/ament_package_xml.cmake:95 (message):
[1.275s]   execute_process(/usr/bin/python3.10
[1.276s]   /opt/ros/humble/share/ament_cmake_core/cmake/core/package_xml_2_cmake.py
[1.276s]   /home/robot33-6/student133_ws/src/test_custom_msg/package.xml
[1.276s]   /home/robot33-6/student133_ws/build/test_custom_msg/ament_cmake_core/package.cmake)
[1.276s]   returned error code 1
[1.276s] Call Stack (most recent call first):
[1.276s]   /opt/ros/humble/share/ament_cmake_core/cmake/core/ament_package_xml.cmake:49 (_ament_package_xml)
[1.276s]   /opt/ros/humble/share/ament_lint_auto/cmake/ament_lint_auto_find_test_dependencies.cmake:31 (ament_package_xml)
[1.276s]   CMakeLists.txt:25 (ament_lint_auto_find_test_dependencies)
[1.276s] 
[1.276s] 
[1.276s] -- Configuring incomplete, errors occurred!
[1.277s] See also "/home/robot33-6/student133_ws/build/test_custom_msg/CMakeFiles/CMakeOutput.log".
[1.281s] Invoked command in '/home/robot33-6/student133_ws/build/test_custom_msg' returned '1': /usr/bin/cmake /home/robot33-6/student133_ws/src/test_custom_msg -G CodeBlocks - Unix Makefiles -DCMAKE_BUILD_TYPE=Debug -DCMAKE_INSTALL_PREFIX=/home/robot33-6/student133_ws/install/test_custom_msg
