[0.212s] Invoking command in '/home/robot33-6/student133_ws/build/test_custom_msg': /usr/bin/cmake /home/robot33-6/student133_ws/src/test_custom_msg -G CodeBlocks - Unix Makefiles -DCMAKE_BUILD_TYPE=Debug -DCMAKE_INSTALL_PREFIX=/home/robot33-6/student133_ws/install/test_custom_msg
[0.227s] -- Found ament_cmake: 1.3.7 (/opt/ros/humble/share/ament_cmake/cmake)
[0.441s] -- Found geometry_msgs: 4.2.3 (/opt/ros/humble/share/geometry_msgs/cmake)
[0.441s] -- Found rosidl_generator_c: 3.1.5 (/opt/ros/humble/share/rosidl_generator_c/cmake)
[0.442s] -- Found rosidl_adapter: 3.1.5 (/opt/ros/humble/share/rosidl_adapter/cmake)
[0.442s] -- Found rosidl_generator_cpp: 3.1.5 (/opt/ros/humble/share/rosidl_generator_cpp/cmake)
[0.442s] -- Using all available rosidl_typesupport_c: rosidl_typesupport_fastrtps_c;rosidl_typesupport_introspection_c
[0.442s] -- Using all available rosidl_typesupport_cpp: rosidl_typesupport_fastrtps_cpp;rosidl_typesupport_introspection_cpp
[0.549s] -- Found rosidl_default_generators: 1.2.0 (/opt/ros/humble/share/rosidl_default_generators/cmake)
[0.549s] -- Found ament_lint_auto: 0.12.10 (/opt/ros/humble/share/ament_lint_auto/cmake)
[0.602s] Error parsing '/home/robot33-6/student133_ws/src/test_custom_msg/package.xml':
[0.602s] Traceback (most recent call last):
[0.602s]   File "/usr/lib/python3/dist-packages/catkin_pkg/package.py", line 610, in parse_package_string
[0.602s]     root = dom.parseString(data)
[0.602s]   File "/usr/lib/python3.10/xml/dom/minidom.py", line 2000, in parseString
[0.602s]     return expatbuilder.parseString(string)
[0.602s]   File "/usr/lib/python3.10/xml/dom/expatbuilder.py", line 925, in parseString
[0.602s]     return builder.parseString(string)
[0.602s]   File "/usr/lib/python3.10/xml/dom/expatbuilder.py", line 223, in parseString
[0.603s]     parser.Parse(string, True)
[0.603s] xml.parsers.expat.ExpatError: mismatched tag: line 23, column 2
[0.603s] 
[0.603s] During handling of the above exception, another exception occurred:
[0.603s] 
[0.603s] Traceback (most recent call last):
[0.603s]   File "/opt/ros/humble/share/ament_cmake_core/cmake/core/package_xml_2_cmake.py", line 150, in <module>
[0.603s]     main()
[0.603s]   File "/opt/ros/humble/share/ament_cmake_core/cmake/core/package_xml_2_cmake.py", line 53, in main
[0.603s]     raise e
[0.603s]   File "/opt/ros/humble/share/ament_cmake_core/cmake/core/package_xml_2_cmake.py", line 49, in main
[0.603s]     package = parse_package_string(
[0.603s]   File "/usr/lib/python3/dist-packages/catkin_pkg/package.py", line 612, in parse_package_string
[0.603s]     raise InvalidPackage('The manifest contains invalid XML:\n%s' % ex, filename)
[0.603s] catkin_pkg.package.InvalidPackage: Error(s) in package '/home/robot33-6/student133_ws/src/test_custom_msg/package.xml':
[0.603s] The manifest contains invalid XML:
[0.603s] mismatched tag: line 23, column 2
[0.610s] CMake Error at /opt/ros/humble/share/ament_cmake_core/cmake/core/ament_package_xml.cmake:95 (message):
[0.610s]   execute_process(/usr/bin/python3.10
[0.610s]   /opt/ros/humble/share/ament_cmake_core/cmake/core/package_xml_2_cmake.py
[0.610s]   /home/robot33-6/student133_ws/src/test_custom_msg/package.xml
[0.610s]   /home/robot33-6/student133_ws/build/test_custom_msg/ament_cmake_core/package.cmake)
[0.610s]   returned error code 1
[0.610s] Call Stack (most recent call first):
[0.610s]   /opt/ros/humble/share/ament_cmake_core/cmake/core/ament_package_xml.cmake:49 (_ament_package_xml)
[0.610s]   /opt/ros/humble/share/ament_lint_auto/cmake/ament_lint_auto_find_test_dependencies.cmake:31 (ament_package_xml)
[0.610s]   CMakeLists.txt:25 (ament_lint_auto_find_test_dependencies)
[0.610s] 
[0.610s] 
[0.610s] -- Configuring incomplete, errors occurred!
[0.611s] See also "/home/robot33-6/student133_ws/build/test_custom_msg/CMakeFiles/CMakeOutput.log".
[0.613s] Invoked command in '/home/robot33-6/student133_ws/build/test_custom_msg' returned '1': /usr/bin/cmake /home/robot33-6/student133_ws/src/test_custom_msg -G CodeBlocks - Unix Makefiles -DCMAKE_BUILD_TYPE=Debug -DCMAKE_INSTALL_PREFIX=/home/robot33-6/student133_ws/install/test_custom_msg
